2024-04-25 08:34:54,027:INFO:Initializing load_model()
2024-04-25 08:34:54,027:INFO:load_model(model_name=C:\iit-visualization\Final Patient Model Prediction Script, platform=None, authentication=None, verbose=True)
2024-04-25 08:34:54,042:INFO:Initializing predict_model()
2024-04-25 08:34:54,042:INFO:predict_model(estimator=Pipeline(steps=[('dtypes',
                 DataTypes_Auto_infer(ml_usecase='classification',
                                      target='currentStatus_28')),
                ('imputer',
                 Simple_Imputer(categorical_strategy='not_available',
                                fill_value_categorical=None,
                                fill_value_numerical=None,
                                numeric_strategy='mean',
                                target_variable=None)),
                ('new_levels1',
                 New_Catagorical_Levels_in_TestData(replacement_strategy='least '
                                                                         'freq...
                ('cluster_all', 'passthrough'),
                ('dummy', Dummify(target='currentStatus_28')),
                ('fix_perfect', Remove_100(target='currentStatus_28')),
                ('clean_names', Clean_Colum_Names()),
                ('feature_select', 'passthrough'), ('fix_multi', 'passthrough'),
                ('dfs', 'passthrough'), ('pca', 'passthrough'),
                ['trained_model',
                 LogisticRegression(C=6.718000000000001, class_weight={},
                                    max_iter=1000, random_state=123)]]), probability_threshold=None, encoded_labels=False, drift_report=False, raw_score=False, round=4, verbose=True, ml_usecase=MLUsecase.CLASSIFICATION, display=None, drift_kwargs=None)
2024-04-25 08:34:54,043:INFO:Checking exceptions
2024-04-25 08:34:54,043:INFO:Preloading libraries
2024-04-25 08:41:43,403:INFO:Initializing load_model()
2024-04-25 08:41:43,404:INFO:load_model(model_name=C:\iit-visualization\Final Patient Model Prediction Script, platform=None, authentication=None, verbose=True)
2024-04-25 08:41:43,417:INFO:Initializing predict_model()
2024-04-25 08:41:43,417:INFO:predict_model(estimator=Pipeline(steps=[('dtypes',
                 DataTypes_Auto_infer(ml_usecase='classification',
                                      target='currentStatus_28')),
                ('imputer',
                 Simple_Imputer(categorical_strategy='not_available',
                                fill_value_categorical=None,
                                fill_value_numerical=None,
                                numeric_strategy='mean',
                                target_variable=None)),
                ('new_levels1',
                 New_Catagorical_Levels_in_TestData(replacement_strategy='least '
                                                                         'freq...
                ('cluster_all', 'passthrough'),
                ('dummy', Dummify(target='currentStatus_28')),
                ('fix_perfect', Remove_100(target='currentStatus_28')),
                ('clean_names', Clean_Colum_Names()),
                ('feature_select', 'passthrough'), ('fix_multi', 'passthrough'),
                ('dfs', 'passthrough'), ('pca', 'passthrough'),
                ['trained_model',
                 LogisticRegression(C=6.718000000000001, class_weight={},
                                    max_iter=1000, random_state=123)]]), probability_threshold=None, encoded_labels=False, drift_report=False, raw_score=False, round=4, verbose=True, ml_usecase=MLUsecase.CLASSIFICATION, display=None, drift_kwargs=None)
2024-04-25 08:41:43,417:INFO:Checking exceptions
2024-04-25 08:41:43,417:INFO:Preloading libraries
2024-04-25 08:41:49,701:INFO:Initializing load_model()
2024-04-25 08:41:49,701:INFO:load_model(model_name=C:\iit-visualization\Final Patient Model Prediction Script, platform=None, authentication=None, verbose=True)
2024-04-25 08:41:49,716:INFO:Initializing predict_model()
2024-04-25 08:41:49,716:INFO:predict_model(estimator=Pipeline(steps=[('dtypes',
                 DataTypes_Auto_infer(ml_usecase='classification',
                                      target='currentStatus_28')),
                ('imputer',
                 Simple_Imputer(categorical_strategy='not_available',
                                fill_value_categorical=None,
                                fill_value_numerical=None,
                                numeric_strategy='mean',
                                target_variable=None)),
                ('new_levels1',
                 New_Catagorical_Levels_in_TestData(replacement_strategy='least '
                                                                         'freq...
                ('cluster_all', 'passthrough'),
                ('dummy', Dummify(target='currentStatus_28')),
                ('fix_perfect', Remove_100(target='currentStatus_28')),
                ('clean_names', Clean_Colum_Names()),
                ('feature_select', 'passthrough'), ('fix_multi', 'passthrough'),
                ('dfs', 'passthrough'), ('pca', 'passthrough'),
                ['trained_model',
                 LogisticRegression(C=6.718000000000001, class_weight={},
                                    max_iter=1000, random_state=123)]]), probability_threshold=None, encoded_labels=False, drift_report=False, raw_score=False, round=4, verbose=True, ml_usecase=MLUsecase.CLASSIFICATION, display=None, drift_kwargs=None)
2024-04-25 08:41:49,716:INFO:Checking exceptions
2024-04-25 08:41:49,716:INFO:Preloading libraries
